// Jest Snapshot v1, https://goo.gl/fbAQLP

exports[`Tests on <GifItem /> should match with snapshot 1`] = `
<div>
  <div
    class="card"
  >
    <img
      alt="Hello"
      src="https://www.google.com/"
    />
    <p>
      Hello
    </p>
  </div>
</div>
`;
